/home/clementval/popc/lib/plugins/paroc_raw-zlib.so 5 
/home/clementval/popc/lib/plugins/paroc_xdr-zlib.so 6 
/home/clementval/popc/lib/plugins/paroc_raw-zlib.so 5 
/home/clementval/popc/lib/plugins/paroc_xdr-zlib.so 6 
/home/clementval/popc/lib/plugins/paroc_raw-zlib.so 5 
/home/clementval/popc/lib/plugins/paroc_xdr-zlib.so 6 
/home/clementval/popc/lib/plugins/paroc_raw-zlib.so 5 
/home/clementval/popc/lib/plugins/paroc_xdr-zlib.so 6 
/home/clementval/popc/lib/plugins/paroc_raw-zlib.so 5 
/home/clementval/popc/lib/plugins/paroc_xdr-zlib.so 6 
/home/clementval/popc/lib/plugins/paroc_raw-zlib.so 5 
/home/clementval/popc/lib/plugins/paroc_xdr-zlib.so 6 
/home/clementval/popc/lib/plugins/paroc_raw-zlib.so 5 
/home/clementval/popc/lib/plugins/paroc_xdr-zlib.so 6 
/home/clementval/popc/lib/plugins/paroc_raw-zlib.so 5 
/home/clementval/popc/lib/plugins/paroc_xdr-zlib.so 6 
NONE/lib/plugins/paroc_raw-zlib.so 5 
NONE/lib/plugins/paroc_xdr-zlib.so 6 
NONE/lib/plugins/paroc_raw-zlib.so 5 
NONE/lib/plugins/paroc_xdr-zlib.so 6 
NONE/lib/plugins/paroc_raw-zlib.so 5 
NONE/lib/plugins/paroc_xdr-zlib.so 6 
NONE/lib/plugins/paroc_raw-zlib.so 5 
NONE/lib/plugins/paroc_xdr-zlib.so 6 
NONE/lib/plugins/paroc_raw-zlib.so 5 
NONE/lib/plugins/paroc_xdr-zlib.so 6 
NONE/lib/plugins/paroc_raw-zlib.so 5 
NONE/lib/plugins/paroc_xdr-zlib.so 6 
NONE/lib/plugins/paroc_raw-zlib.so 5 
NONE/lib/plugins/paroc_xdr-zlib.so 6 
NONE/lib/plugins/paroc_raw-zlib.so 5 
NONE/lib/plugins/paroc_xdr-zlib.so 6 
NONE/lib/plugins/paroc_raw-zlib.so 5 
NONE/lib/plugins/paroc_xdr-zlib.so 6 
NONE/lib/plugins/paroc_raw-zlib.so 5 
NONE/lib/plugins/paroc_xdr-zlib.so 6 
NONE/lib/plugins/paroc_raw-zlib.so 5 
NONE/lib/plugins/paroc_xdr-zlib.so 6 
NONE/lib/plugins/paroc_raw-zlib.so 5 
NONE/lib/plugins/paroc_xdr-zlib.so 6 
NONE/lib/plugins/paroc_raw-zlib.so 5 
NONE/lib/plugins/paroc_xdr-zlib.so 6 
NONE/lib/plugins/paroc_raw-zlib.so 5 
NONE/lib/plugins/paroc_xdr-zlib.so 6 
NONE/lib/plugins/paroc_raw-zlib.so 5 
NONE/lib/plugins/paroc_xdr-zlib.so 6 
NONE/lib/plugins/paroc_raw-zlib.so 5 
NONE/lib/plugins/paroc_xdr-zlib.so 6 
NONE/lib/plugins/paroc_raw-zlib.so 5 
NONE/lib/plugins/paroc_xdr-zlib.so 6 
NONE/lib/plugins/paroc_raw-zlib.so 5 
NONE/lib/plugins/paroc_xdr-zlib.so 6 
NONE/lib/plugins/paroc_raw-zlib.so 5 
NONE/lib/plugins/paroc_xdr-zlib.so 6 
NONE/lib/plugins/paroc_raw-zlib.so 5 
NONE/lib/plugins/paroc_xdr-zlib.so 6 
NONE/lib/plugins/paroc_raw-zlib.so 5 
NONE/lib/plugins/paroc_xdr-zlib.so 6 
NONE/lib/plugins/paroc_raw-zlib.so 5 
NONE/lib/plugins/paroc_xdr-zlib.so 6 
NONE/lib/plugins/paroc_raw-zlib.so 5 
NONE/lib/plugins/paroc_xdr-zlib.so 6 
NONE/lib/plugins/paroc_raw-zlib.so 5 
NONE/lib/plugins/paroc_xdr-zlib.so 6 
NONE/lib/plugins/paroc_raw-zlib.so 5 
NONE/lib/plugins/paroc_xdr-zlib.so 6 
NONE/lib/plugins/paroc_raw-zlib.so 5 
NONE/lib/plugins/paroc_xdr-zlib.so 6 
NONE/lib/plugins/paroc_raw-zlib.so 5 
NONE/lib/plugins/paroc_xdr-zlib.so 6 
NONE/lib/plugins/paroc_raw-zlib.so 5 
NONE/lib/plugins/paroc_xdr-zlib.so 6 
NONE/lib/plugins/paroc_raw-zlib.so 5 
NONE/lib/plugins/paroc_xdr-zlib.so 6 
NONE/lib/plugins/paroc_raw-zlib.so 5 
NONE/lib/plugins/paroc_xdr-zlib.so 6 
NONE/lib/plugins/paroc_raw-zlib.so 5 
NONE/lib/plugins/paroc_xdr-zlib.so 6 
NONE/lib/plugins/paroc_raw-zlib.so 5 
NONE/lib/plugins/paroc_xdr-zlib.so 6 
NONE/lib/plugins/paroc_raw-zlib.so 5 
NONE/lib/plugins/paroc_xdr-zlib.so 6 
NONE/lib/plugins/paroc_raw-zlib.so 5 
NONE/lib/plugins/paroc_xdr-zlib.so 6 
NONE/lib/plugins/paroc_raw-zlib.so 5 
NONE/lib/plugins/paroc_xdr-zlib.so 6 
NONE/lib/plugins/paroc_raw-zlib.so 5 
NONE/lib/plugins/paroc_xdr-zlib.so 6 
NONE/lib/plugins/paroc_raw-zlib.so 5 
NONE/lib/plugins/paroc_xdr-zlib.so 6 
NONE/lib/plugins/paroc_raw-zlib.so 5 
NONE/lib/plugins/paroc_xdr-zlib.so 6 
NONE/lib/plugins/paroc_raw-zlib.so 5 
NONE/lib/plugins/paroc_xdr-zlib.so 6 
NONE/lib/plugins/paroc_raw-zlib.so 5 
NONE/lib/plugins/paroc_xdr-zlib.so 6 
NONE/lib/plugins/paroc_raw-zlib.so 5 
NONE/lib/plugins/paroc_xdr-zlib.so 6 
NONE/lib/plugins/paroc_raw-zlib.so 5 
NONE/lib/plugins/paroc_xdr-zlib.so 6 
NONE/lib/plugins/paroc_raw-zlib.so 5 
NONE/lib/plugins/paroc_xdr-zlib.so 6 
NONE/lib/plugins/paroc_raw-zlib.so 5 
NONE/lib/plugins/paroc_xdr-zlib.so 6 
NONE/lib/plugins/paroc_raw-zlib.so 5 
NONE/lib/plugins/paroc_xdr-zlib.so 6 
NONE/lib/plugins/paroc_raw-zlib.so 5 
NONE/lib/plugins/paroc_xdr-zlib.so 6 
NONE/lib/plugins/paroc_raw-zlib.so 5 
NONE/lib/plugins/paroc_xdr-zlib.so 6 
NONE/lib/plugins/paroc_raw-zlib.so 5 
NONE/lib/plugins/paroc_xdr-zlib.so 6 
NONE/lib/plugins/paroc_raw-zlib.so 5 
NONE/lib/plugins/paroc_xdr-zlib.so 6 
NONE/lib/plugins/paroc_raw-zlib.so 5 
NONE/lib/plugins/paroc_xdr-zlib.so 6 
NONE/lib/plugins/paroc_raw-zlib.so 5 
NONE/lib/plugins/paroc_xdr-zlib.so 6 
NONE/lib/plugins/paroc_raw-zlib.so 5 
NONE/lib/plugins/paroc_xdr-zlib.so 6 
NONE/lib/plugins/paroc_raw-zlib.so 5 
NONE/lib/plugins/paroc_xdr-zlib.so 6 
NONE/lib/plugins/paroc_raw-zlib.so 5 
NONE/lib/plugins/paroc_xdr-zlib.so 6 
NONE/lib/plugins/paroc_raw-zlib.so 5 
NONE/lib/plugins/paroc_xdr-zlib.so 6 
NONE/lib/plugins/paroc_raw-zlib.so 5 
NONE/lib/plugins/paroc_xdr-zlib.so 6 
NONE/lib/plugins/paroc_raw-zlib.so 5 
NONE/lib/plugins/paroc_xdr-zlib.so 6 
NONE/lib/plugins/paroc_raw-zlib.so 5 
NONE/lib/plugins/paroc_xdr-zlib.so 6 
NONE/lib/plugins/paroc_raw-zlib.so 5 
NONE/lib/plugins/paroc_xdr-zlib.so 6 
NONE/lib/plugins/paroc_raw-zlib.so 5 
NONE/lib/plugins/paroc_xdr-zlib.so 6 
NONE/lib/plugins/paroc_raw-zlib.so 5 
NONE/lib/plugins/paroc_xdr-zlib.so 6 
NONE/lib/plugins/paroc_raw-zlib.so 5 
NONE/lib/plugins/paroc_xdr-zlib.so 6 
NONE/lib/plugins/paroc_raw-zlib.so 5 
NONE/lib/plugins/paroc_xdr-zlib.so 6 
NONE/lib/plugins/paroc_raw-zlib.so 5 
NONE/lib/plugins/paroc_xdr-zlib.so 6 
NONE/lib/plugins/paroc_raw-zlib.so 5 
NONE/lib/plugins/paroc_xdr-zlib.so 6 
NONE/lib/plugins/paroc_raw-zlib.so 5 
NONE/lib/plugins/paroc_xdr-zlib.so 6 
NONE/lib/plugins/paroc_raw-zlib.so 5 
NONE/lib/plugins/paroc_xdr-zlib.so 6 
NONE/lib/plugins/paroc_raw-zlib.so 5 
NONE/lib/plugins/paroc_xdr-zlib.so 6 
NONE/lib/plugins/paroc_raw-zlib.so 5 
NONE/lib/plugins/paroc_xdr-zlib.so 6 
NONE/lib/plugins/paroc_raw-zlib.so 5 
NONE/lib/plugins/paroc_xdr-zlib.so 6 
NONE/lib/plugins/paroc_raw-zlib.so 5 
NONE/lib/plugins/paroc_xdr-zlib.so 6 
NONE/lib/plugins/paroc_raw-zlib.so 5 
NONE/lib/plugins/paroc_xdr-zlib.so 6 
NONE/lib/plugins/paroc_raw-zlib.so 5 
NONE/lib/plugins/paroc_xdr-zlib.so 6 
NONE/lib/plugins/paroc_raw-zlib.so 5 
NONE/lib/plugins/paroc_xdr-zlib.so 6 
NONE/lib/plugins/paroc_raw-zlib.so 5 
NONE/lib/plugins/paroc_xdr-zlib.so 6 
NONE/lib/plugins/paroc_raw-zlib.so 5 
NONE/lib/plugins/paroc_xdr-zlib.so 6 
NONE/lib/plugins/paroc_raw-zlib.so 5 
NONE/lib/plugins/paroc_xdr-zlib.so 6 
NONE/lib/plugins/paroc_raw-zlib.so 5 
NONE/lib/plugins/paroc_xdr-zlib.so 6 
NONE/lib/plugins/paroc_raw-zlib.so 5 
NONE/lib/plugins/paroc_xdr-zlib.so 6 
NONE/lib/plugins/paroc_raw-zlib.so 5 
NONE/lib/plugins/paroc_xdr-zlib.so 6 
NONE/lib/plugins/paroc_raw-zlib.so 5 
NONE/lib/plugins/paroc_xdr-zlib.so 6 
NONE/lib/plugins/paroc_raw-zlib.so 5 
NONE/lib/plugins/paroc_xdr-zlib.so 6 
NONE/lib/plugins/paroc_raw-zlib.so 5 
NONE/lib/plugins/paroc_xdr-zlib.so 6 
NONE/lib/plugins/paroc_raw-zlib.so 5 
NONE/lib/plugins/paroc_xdr-zlib.so 6 
NONE/lib/plugins/paroc_raw-zlib.so 5 
NONE/lib/plugins/paroc_xdr-zlib.so 6 
NONE/lib/plugins/paroc_raw-zlib.so 5 
NONE/lib/plugins/paroc_xdr-zlib.so 6 
NONE/lib/plugins/paroc_raw-zlib.so 5 
NONE/lib/plugins/paroc_xdr-zlib.so 6 
NONE/lib/plugins/paroc_raw-zlib.so 5 
NONE/lib/plugins/paroc_xdr-zlib.so 6 
NONE/lib/plugins/paroc_raw-zlib.so 5 
NONE/lib/plugins/paroc_xdr-zlib.so 6 
NONE/lib/plugins/paroc_raw-zlib.so 5 
NONE/lib/plugins/paroc_xdr-zlib.so 6 
NONE/lib/plugins/paroc_raw-zlib.so 5 
NONE/lib/plugins/paroc_xdr-zlib.so 6 
NONE/lib/plugins/paroc_raw-zlib.so 5 
NONE/lib/plugins/paroc_xdr-zlib.so 6 
NONE/lib/plugins/paroc_raw-zlib.so 5 
NONE/lib/plugins/paroc_xdr-zlib.so 6 
NONE/lib/plugins/paroc_raw-zlib.so 5 
NONE/lib/plugins/paroc_xdr-zlib.so 6 
NONE/lib/plugins/paroc_raw-zlib.so 5 
NONE/lib/plugins/paroc_xdr-zlib.so 6 
NONE/lib/plugins/paroc_raw-zlib.so 5 
NONE/lib/plugins/paroc_xdr-zlib.so 6 
NONE/lib/plugins/paroc_raw-zlib.so 5 
NONE/lib/plugins/paroc_xdr-zlib.so 6 
NONE/lib/plugins/paroc_raw-zlib.so 5 
NONE/lib/plugins/paroc_xdr-zlib.so 6 
NONE/lib/plugins/paroc_raw-zlib.so 5 
NONE/lib/plugins/paroc_xdr-zlib.so 6 
NONE/lib/plugins/paroc_raw-zlib.so 5 
NONE/lib/plugins/paroc_xdr-zlib.so 6 
NONE/lib/plugins/paroc_raw-zlib.so 5 
NONE/lib/plugins/paroc_xdr-zlib.so 6 
NONE/lib/plugins/paroc_raw-zlib.so 5 
NONE/lib/plugins/paroc_xdr-zlib.so 6 
NONE/lib/plugins/paroc_raw-zlib.so 5 
NONE/lib/plugins/paroc_xdr-zlib.so 6 
NONE/lib/plugins/paroc_raw-zlib.so 5 
NONE/lib/plugins/paroc_xdr-zlib.so 6 
NONE/lib/plugins/paroc_raw-zlib.so 5 
NONE/lib/plugins/paroc_xdr-zlib.so 6 
NONE/lib/plugins/paroc_raw-zlib.so 5 
NONE/lib/plugins/paroc_xdr-zlib.so 6 
NONE/lib/plugins/paroc_raw-zlib.so 5 
NONE/lib/plugins/paroc_xdr-zlib.so 6 
NONE/lib/plugins/paroc_raw-zlib.so 5 
NONE/lib/plugins/paroc_xdr-zlib.so 6 
NONE/lib/plugins/paroc_raw-zlib.so 5 
NONE/lib/plugins/paroc_xdr-zlib.so 6 
NONE/lib/plugins/paroc_raw-zlib.so 5 
NONE/lib/plugins/paroc_xdr-zlib.so 6 
NONE/lib/plugins/paroc_raw-zlib.so 5 
NONE/lib/plugins/paroc_xdr-zlib.so 6 
NONE/lib/plugins/paroc_raw-zlib.so 5 
NONE/lib/plugins/paroc_xdr-zlib.so 6 
NONE/lib/plugins/paroc_raw-zlib.so 5 
NONE/lib/plugins/paroc_xdr-zlib.so 6 
NONE/lib/plugins/paroc_raw-zlib.so 5 
NONE/lib/plugins/paroc_xdr-zlib.so 6 
NONE/lib/plugins/paroc_raw-zlib.so 5 
NONE/lib/plugins/paroc_xdr-zlib.so 6 
NONE/lib/plugins/paroc_raw-zlib.so 5 
NONE/lib/plugins/paroc_xdr-zlib.so 6 
NONE/lib/plugins/paroc_raw-zlib.so 5 
NONE/lib/plugins/paroc_xdr-zlib.so 6 
NONE/lib/plugins/paroc_raw-zlib.so 5 
NONE/lib/plugins/paroc_xdr-zlib.so 6 
